<?xml version="1.0" encoding="UTF-8"?>
<module type="JAVA_MODULE" version="4">
  <component name="FacetManager">
    <facet type="android" name="Android">
      <configuration>
        <option name="GEN_FOLDER_RELATIVE_PATH_APT" value="/../../buck-out/android/dep2/gen" />
        <option name="GEN_FOLDER_RELATIVE_PATH_AIDL" value="/../../buck-out/android/dep2/gen" />
        <option name="RES_FOLDERS_RELATIVE_PATH" value="" />
        <option name="PROJECT_TYPE" value="1" />
        <option name="UPDATE_PROPERTY_FILES" value="false" />
        <option name="ENABLE_SOURCES_AUTOGENERATION" value="true" />
        <includeAssetsFromLibraries>true</includeAssetsFromLibraries>
      </configuration>
    </facet>
  </component>
  <component name="NewModuleRootManager" inherit-compiler-output="false">
    <output url="jar://$MODULE_DIR$/../../buck-out/gen/dep2/lib__dep2__output/dep2.jar!/" />
    <exclude-output />
    <content url="file://$MODULE_DIR$/../../buck-out/android/dep2/gen">
      <sourceFolder url="file://$MODULE_DIR$/../../buck-out/android/dep2/gen" isTestSource="false" />
    </content>
    <content url="file://$MODULE_DIR$/../../dep2">
    </content>
    <orderEntry type="inheritedJdk" />
    <orderEntry type="sourceFolder" forTests="false" />
  </component>
</module>