{"meta":{"project-version":"1"},"required-targets":[],"xcconfig-paths":["buck-out/cells/bar/gen/<CONFIG_HASH>/Dep2/Dep2-Debug.xcconfig","buck-out/cells/bar/gen/<CONFIG_HASH>/Dep2/Dep2-Profile.xcconfig","buck-out/cells/bar/gen/<CONFIG_HASH>/Dep2/Dep2-Release.xcconfig","buck-out/gen/Apps/TestApp-Debug.xcconfig","buck-out/gen/Apps/TestApp-Profile.xcconfig","buck-out/gen/Apps/TestApp-Release.xcconfig"],"copy-in-xcode":[]}