<?xml version="1.0" encoding="UTF-8"?>
<project version="4">
  <component name="ProjectModuleManager">
    <modules>
      <module fileurl="file://$PROJECT_DIR$/.idea/modules/dep1.iml" filepath="$PROJECT_DIR$/.idea/modules/dep1.iml" group="modules" />
      <module fileurl="file://$PROJECT_DIR$/.idea/modules/dep2.iml" filepath="$PROJECT_DIR$/.idea/modules/dep2.iml" group="modules" />
      <module fileurl="file://$PROJECT_DIR$/.idea/modules/lib.iml" filepath="$PROJECT_DIR$/.idea/modules/lib.iml" group="modules" />
      <module fileurl="file://$PROJECT_DIR$/.idea/modules/project_root.iml" filepath="$PROJECT_DIR$/.idea/modules/project_root.iml" />
    </modules>
  </component>
</project>
