<component name="libraryTable">
  <library name="//:common-dep">
    <CLASSES>
      <root url="jar://$PROJECT_DIR$/common-dep.jar!/" />
    </CLASSES>
    <JAVADOC />
    <SOURCES />
  </library>
</component>