{
  "outputFilePath" : "@/buck-out/gen/js/fruit-salad-in-a-bundle#dependencies,ios,release.deps",
  "command" : "dependencies",
  "entryPoints" : [
    "fruit-salad"
  ],
  "libraries" : [
    "@/buck-out/gen/js/extras#ios,release,transform-profile-default.jslib",
    "@/buck-out/gen/js/fruit#ios,release,transform-profile-default.jslib",
    "@/buck-out/gen/js/fruit-salad#ios,release,transform-profile-default.jslib"
  ],
  "platform" : "ios",
  "release" : true,
  "rootPath" : "@",
  "extraData" : {
    "a" : [
      1,
      2,
      3
    ],
    "b" : true,
    "s" : "hello @/js/empty!"
  },
  "flavors" : [
    "dependencies",
    "ios",
    "release"
  ]
}
{
  "command" : "library-dependencies",
  "release" : true,
  "rootPath" : "@",
  "platform" : "ios",
  "outputPath" : "@/buck-out/gen/js/extras#ios,release,transform-profile-default.jslib",
  "dependencyLibraryFilePaths" : [ ],
  "aggregatedSourceFilesFilePath" : "@/buck-out/gen/js/extras#_files_,ios,release,transform-profile-default.jslib",
  "flavors" : [
    "ios",
    "release"
  ]
}
{
  "command" : "library-files",
  "release" : true,
  "rootPath" : "@",
  "platform" : "ios",
  "outputFilePath" : "@/buck-out/gen/js/extras#_files_,ios,release,transform-profile-default.jslib",
  "sourceFilePaths" : [
    "@/buck-out/gen/js/extras#_files_,file-choclate-chips.js-<HASH>,ios,release,transform-profile-default.jsfile",
    "@/buck-out/gen/js/extras#_files_,file-yoghurt.js-<HASH>,ios,release,transform-profile-default.jsfile"
  ],
  "flavors" : [
    "ios",
    "release"
  ]
}
{
  "command" : "transform",
  "outputFilePath" : "@/buck-out/gen/js/extras#_files_,file-choclate-chips.js-<HASH>,ios,release,transform-profile-default.jsfile",
  "sourceJsFilePath" : "@/js/extras/choclate-chips.js",
  "sourceJsFileName" : "js/extras/choclate-chips.js",
  "transformProfile" : "default",
  "release" : true,
  "extraData" : {
    "arbitrary" : "extra",
    "json" : 1
  },
  "flavors" : [
    "ios",
    "release"
  ]
}
var choclateChips;
{
  "command" : "transform",
  "outputFilePath" : "@/buck-out/gen/js/extras#_files_,file-yoghurt.js-<HASH>,ios,release,transform-profile-default.jsfile",
  "sourceJsFilePath" : "@/js/extras/yoghurt.js",
  "sourceJsFileName" : "js/extras/yoghurt.js",
  "transformProfile" : "default",
  "release" : true,
  "extraData" : {
    "arbitrary" : "extra",
    "json" : 1
  },
  "flavors" : [
    "ios",
    "release"
  ]
}
var yoghurt;
{
  "command" : "library-dependencies",
  "release" : true,
  "rootPath" : "@",
  "platform" : "ios",
  "outputPath" : "@/buck-out/gen/js/fruit#ios,release,transform-profile-default.jslib",
  "dependencyLibraryFilePaths" : [ ],
  "aggregatedSourceFilesFilePath" : "@/buck-out/gen/js/fruit#_files_,ios,release,transform-profile-default.jslib",
  "flavors" : [
    "ios",
    "release"
  ]
}
{
  "command" : "library-files",
  "release" : true,
  "rootPath" : "@",
  "platform" : "ios",
  "outputFilePath" : "@/buck-out/gen/js/fruit#_files_,ios,release,transform-profile-default.jslib",
  "sourceFilePaths" : [
    "@/buck-out/gen/js/fruit#_files_,file-apple.js-<HASH>,ios,release,transform-profile-default.jsfile",
    "@/buck-out/gen/js/fruit#_files_,file-banana.js-<HASH>,ios,release,transform-profile-default.jsfile",
    "@/buck-out/gen/js/fruit#_files_,file-pear.js-<HASH>,ios,release,transform-profile-default.jsfile"
  ],
  "flavors" : [
    "ios",
    "release"
  ]
}
{
  "command" : "transform",
  "outputFilePath" : "@/buck-out/gen/js/fruit#_files_,file-apple.js-<HASH>,ios,release,transform-profile-default.jsfile",
  "sourceJsFilePath" : "@/js/apple.js",
  "sourceJsFileName" : "js/apple.js",
  "transformProfile" : "default",
  "release" : true,
  "flavors" : [
    "ios",
    "release"
  ]
}
var apple;
{
  "command" : "transform",
  "outputFilePath" : "@/buck-out/gen/js/fruit#_files_,file-banana.js-<HASH>,ios,release,transform-profile-default.jsfile",
  "sourceJsFilePath" : "@/js/banana.js",
  "sourceJsFileName" : "js/banana.js",
  "transformProfile" : "default",
  "release" : true,
  "flavors" : [
    "ios",
    "release"
  ]
}
var banana;
{
  "command" : "transform",
  "outputFilePath" : "@/buck-out/gen/js/fruit#_files_,file-pear.js-<HASH>,ios,release,transform-profile-default.jsfile",
  "sourceJsFilePath" : "@/js/pear.js",
  "sourceJsFileName" : "js/pear.js",
  "transformProfile" : "default",
  "release" : true,
  "flavors" : [
    "ios",
    "release"
  ]
}
var pear;
{
  "command" : "library-dependencies",
  "release" : true,
  "rootPath" : "@",
  "platform" : "ios",
  "outputPath" : "@/buck-out/gen/js/fruit-salad#ios,release,transform-profile-default.jslib",
  "dependencyLibraryFilePaths" : [
    "@/buck-out/gen/js/extras#ios,release,transform-profile-default.jslib",
    "@/buck-out/gen/js/fruit#ios,release,transform-profile-default.jslib"
  ],
  "aggregatedSourceFilesFilePath" : "@/buck-out/gen/js/fruit-salad#_files_,ios,release,transform-profile-default.jslib",
  "flavors" : [
    "ios",
    "release"
  ]
}
{
  "command" : "library-dependencies",
  "release" : true,
  "rootPath" : "@",
  "platform" : "ios",
  "outputPath" : "@/buck-out/gen/js/extras#ios,release,transform-profile-default.jslib",
  "dependencyLibraryFilePaths" : [ ],
  "aggregatedSourceFilesFilePath" : "@/buck-out/gen/js/extras#_files_,ios,release,transform-profile-default.jslib",
  "flavors" : [
    "ios",
    "release"
  ]
}
{
  "command" : "library-files",
  "release" : true,
  "rootPath" : "@",
  "platform" : "ios",
  "outputFilePath" : "@/buck-out/gen/js/extras#_files_,ios,release,transform-profile-default.jslib",
  "sourceFilePaths" : [
    "@/buck-out/gen/js/extras#_files_,file-choclate-chips.js-<HASH>,ios,release,transform-profile-default.jsfile",
    "@/buck-out/gen/js/extras#_files_,file-yoghurt.js-<HASH>,ios,release,transform-profile-default.jsfile"
  ],
  "flavors" : [
    "ios",
    "release"
  ]
}
{
  "command" : "transform",
  "outputFilePath" : "@/buck-out/gen/js/extras#_files_,file-choclate-chips.js-<HASH>,ios,release,transform-profile-default.jsfile",
  "sourceJsFilePath" : "@/js/extras/choclate-chips.js",
  "sourceJsFileName" : "js/extras/choclate-chips.js",
  "transformProfile" : "default",
  "release" : true,
  "extraData" : {
    "arbitrary" : "extra",
    "json" : 1
  },
  "flavors" : [
    "ios",
    "release"
  ]
}
var choclateChips;
{
  "command" : "transform",
  "outputFilePath" : "@/buck-out/gen/js/extras#_files_,file-yoghurt.js-<HASH>,ios,release,transform-profile-default.jsfile",
  "sourceJsFilePath" : "@/js/extras/yoghurt.js",
  "sourceJsFileName" : "js/extras/yoghurt.js",
  "transformProfile" : "default",
  "release" : true,
  "extraData" : {
    "arbitrary" : "extra",
    "json" : 1
  },
  "flavors" : [
    "ios",
    "release"
  ]
}
var yoghurt;
{
  "command" : "library-dependencies",
  "release" : true,
  "rootPath" : "@",
  "platform" : "ios",
  "outputPath" : "@/buck-out/gen/js/fruit#ios,release,transform-profile-default.jslib",
  "dependencyLibraryFilePaths" : [ ],
  "aggregatedSourceFilesFilePath" : "@/buck-out/gen/js/fruit#_files_,ios,release,transform-profile-default.jslib",
  "flavors" : [
    "ios",
    "release"
  ]
}
{
  "command" : "library-files",
  "release" : true,
  "rootPath" : "@",
  "platform" : "ios",
  "outputFilePath" : "@/buck-out/gen/js/fruit#_files_,ios,release,transform-profile-default.jslib",
  "sourceFilePaths" : [
    "@/buck-out/gen/js/fruit#_files_,file-apple.js-<HASH>,ios,release,transform-profile-default.jsfile",
    "@/buck-out/gen/js/fruit#_files_,file-banana.js-<HASH>,ios,release,transform-profile-default.jsfile",
    "@/buck-out/gen/js/fruit#_files_,file-pear.js-<HASH>,ios,release,transform-profile-default.jsfile"
  ],
  "flavors" : [
    "ios",
    "release"
  ]
}
{
  "command" : "transform",
  "outputFilePath" : "@/buck-out/gen/js/fruit#_files_,file-apple.js-<HASH>,ios,release,transform-profile-default.jsfile",
  "sourceJsFilePath" : "@/js/apple.js",
  "sourceJsFileName" : "js/apple.js",
  "transformProfile" : "default",
  "release" : true,
  "flavors" : [
    "ios",
    "release"
  ]
}
var apple;
{
  "command" : "transform",
  "outputFilePath" : "@/buck-out/gen/js/fruit#_files_,file-banana.js-<HASH>,ios,release,transform-profile-default.jsfile",
  "sourceJsFilePath" : "@/js/banana.js",
  "sourceJsFileName" : "js/banana.js",
  "transformProfile" : "default",
  "release" : true,
  "flavors" : [
    "ios",
    "release"
  ]
}
var banana;
{
  "command" : "transform",
  "outputFilePath" : "@/buck-out/gen/js/fruit#_files_,file-pear.js-<HASH>,ios,release,transform-profile-default.jsfile",
  "sourceJsFilePath" : "@/js/pear.js",
  "sourceJsFileName" : "js/pear.js",
  "transformProfile" : "default",
  "release" : true,
  "flavors" : [
    "ios",
    "release"
  ]
}
var pear;
{
  "command" : "library-files",
  "release" : true,
  "rootPath" : "@",
  "platform" : "ios",
  "outputFilePath" : "@/buck-out/gen/js/fruit-salad#_files_,ios,release,transform-profile-default.jslib",
  "sourceFilePaths" : [
    "@/buck-out/gen/js/fruit-salad#_files_,file-fruit-salad.js-<HASH>,ios,release,transform-profile-default.jsfile"
  ],
  "flavors" : [
    "ios",
    "release"
  ]
}
{
  "command" : "transform",
  "outputFilePath" : "@/buck-out/gen/js/fruit-salad#_files_,file-fruit-salad.js-<HASH>,ios,release,transform-profile-default.jsfile",
  "sourceJsFilePath" : "@/js/fruit-salad.js",
  "sourceJsFileName" : "js/fruit-salad.js",
  "transformProfile" : "default",
  "release" : true,
  "flavors" : [
    "ios",
    "release"
  ]
}
var fruitSalad;