{
  "outputFilePath" : "@/buck-out/gen/js/fruit-with-extras#android,dependencies.deps",
  "command" : "dependencies",
  "entryPoints" : [
    "yoghurt",
    "banana",
    "apple"
  ],
  "libraries" : [
    "@/buck-out/gen/js/extras#android,transform-profile-default.jslib",
    "@/buck-out/gen/js/fruit#android,transform-profile-default.jslib"
  ],
  "platform" : "android",
  "release" : false,
  "rootPath" : "@",
  "flavors" : [
    "android",
    "dependencies"
  ]
}
{
  "command" : "library-dependencies",
  "release" : false,
  "rootPath" : "@",
  "platform" : "android",
  "outputPath" : "@/buck-out/gen/js/extras#android,transform-profile-default.jslib",
  "dependencyLibraryFilePaths" : [ ],
  "aggregatedSourceFilesFilePath" : "@/buck-out/gen/js/extras#_files_,android,transform-profile-default.jslib",
  "flavors" : [
    "android"
  ]
}
{
  "command" : "library-files",
  "release" : false,
  "rootPath" : "@",
  "platform" : "android",
  "outputFilePath" : "@/buck-out/gen/js/extras#_files_,android,transform-profile-default.jslib",
  "sourceFilePaths" : [
    "@/buck-out/gen/js/extras#file-choclate-chips.js-<HASH>,transform-profile-default.jsfile",
    "@/buck-out/gen/js/extras#file-yoghurt.js-<HASH>,transform-profile-default.jsfile"
  ],
  "flavors" : [
    "android"
  ]
}
{
  "command" : "transform",
  "outputFilePath" : "@/buck-out/gen/js/extras#file-choclate-chips.js-<HASH>,transform-profile-default.jsfile",
  "sourceJsFilePath" : "@/js/extras/choclate-chips.js",
  "sourceJsFileName" : "js/extras/choclate-chips.js",
  "transformProfile" : "default",
  "release" : false,
  "extraData" : {
    "arbitrary" : "extra",
    "json" : 1
  },
  "flavors" : [ ]
}
var choclateChips;
{
  "command" : "transform",
  "outputFilePath" : "@/buck-out/gen/js/extras#file-yoghurt.js-<HASH>,transform-profile-default.jsfile",
  "sourceJsFilePath" : "@/js/extras/yoghurt.js",
  "sourceJsFileName" : "js/extras/yoghurt.js",
  "transformProfile" : "default",
  "release" : false,
  "extraData" : {
    "arbitrary" : "extra",
    "json" : 1
  },
  "flavors" : [ ]
}
var yoghurt;
{
  "command" : "library-dependencies",
  "release" : false,
  "rootPath" : "@",
  "platform" : "android",
  "outputPath" : "@/buck-out/gen/js/fruit#android,transform-profile-default.jslib",
  "dependencyLibraryFilePaths" : [ ],
  "aggregatedSourceFilesFilePath" : "@/buck-out/gen/js/fruit#_files_,android,transform-profile-default.jslib",
  "flavors" : [
    "android"
  ]
}
{
  "command" : "library-files",
  "release" : false,
  "rootPath" : "@",
  "platform" : "android",
  "outputFilePath" : "@/buck-out/gen/js/fruit#_files_,android,transform-profile-default.jslib",
  "sourceFilePaths" : [
    "@/buck-out/gen/js/fruit#file-apple.js-<HASH>,transform-profile-default.jsfile",
    "@/buck-out/gen/js/fruit#file-banana.js-<HASH>,transform-profile-default.jsfile",
    "@/buck-out/gen/js/fruit#file-pear.js-<HASH>,transform-profile-default.jsfile"
  ],
  "flavors" : [
    "android"
  ]
}
{
  "command" : "transform",
  "outputFilePath" : "@/buck-out/gen/js/fruit#file-apple.js-<HASH>,transform-profile-default.jsfile",
  "sourceJsFilePath" : "@/js/apple.js",
  "sourceJsFileName" : "js/apple.js",
  "transformProfile" : "default",
  "release" : false,
  "flavors" : [ ]
}
var apple;
{
  "command" : "transform",
  "outputFilePath" : "@/buck-out/gen/js/fruit#file-banana.js-<HASH>,transform-profile-default.jsfile",
  "sourceJsFilePath" : "@/js/banana.js",
  "sourceJsFileName" : "js/banana.js",
  "transformProfile" : "default",
  "release" : false,
  "flavors" : [ ]
}
var banana;
{
  "command" : "transform",
  "outputFilePath" : "@/buck-out/gen/js/fruit#file-pear.js-<HASH>,transform-profile-default.jsfile",
  "sourceJsFilePath" : "@/js/pear.js",
  "sourceJsFileName" : "js/pear.js",
  "transformProfile" : "default",
  "release" : false,
  "flavors" : [ ]
}
var pear;