{
  "command" : "library-dependencies",
  "release" : false,
  "rootPath" : "@",
  "outputPath" : "@/buck-out/gen/js/fruit-salad#transform-profile-default.jslib",
  "dependencyLibraryFilePaths" : [
    "@/buck-out/gen/js/extras#transform-profile-default.jslib",
    "@/buck-out/gen/js/fruit#transform-profile-default.jslib"
  ],
  "aggregatedSourceFilesFilePath" : "@/buck-out/gen/js/fruit-salad#_files_,transform-profile-default.jslib",
  "flavors" : [ ]
}
{
  "command" : "library-dependencies",
  "release" : false,
  "rootPath" : "@",
  "outputPath" : "@/buck-out/gen/js/extras#transform-profile-default.jslib",
  "dependencyLibraryFilePaths" : [ ],
  "aggregatedSourceFilesFilePath" : "@/buck-out/gen/js/extras#_files_,transform-profile-default.jslib",
  "extraData" : {
    "arbitrary" : "extra",
    "json" : 1
  },
  "flavors" : [ ]
}
{
  "command" : "library-files",
  "release" : false,
  "rootPath" : "@",
  "outputFilePath" : "@/buck-out/gen/js/extras#_files_,transform-profile-default.jslib",
  "sourceFilePaths" : [
    "@/buck-out/gen/js/extras#file-choclate-chips.js-<HASH>,transform-profile-default.jsfile",
    "@/buck-out/gen/js/extras#file-yoghurt.js-<HASH>,transform-profile-default.jsfile"
  ],
  "flavors" : [ ]
}
{
  "command" : "transform",
  "outputFilePath" : "@/buck-out/gen/js/extras#file-choclate-chips.js-<HASH>,transform-profile-default.jsfile",
  "sourceJsFilePath" : "@/js/extras/choclate-chips.js",
  "sourceJsFileName" : "js/extras/choclate-chips.js",
  "additionalSources" : [ ],
  "transformProfile" : "default",
  "release" : false,
  "extraData" : {
    "arbitrary" : "extra",
    "json" : 1
  },
  "flavors" : [ ]
}
var choclateChips;
{
  "command" : "transform",
  "outputFilePath" : "@/buck-out/gen/js/extras#file-yoghurt.js-<HASH>,transform-profile-default.jsfile",
  "sourceJsFilePath" : "@/js/extras/yoghurt.js",
  "sourceJsFileName" : "js/extras/yoghurt.js",
  "additionalSources" : [ ],
  "transformProfile" : "default",
  "release" : false,
  "extraData" : {
    "arbitrary" : "extra",
    "json" : 1
  },
  "flavors" : [ ]
}
var yoghurt;
{
  "command" : "library-dependencies",
  "release" : false,
  "rootPath" : "@",
  "outputPath" : "@/buck-out/gen/js/fruit#transform-profile-default.jslib",
  "dependencyLibraryFilePaths" : [ ],
  "aggregatedSourceFilesFilePath" : "@/buck-out/gen/js/fruit#_files_,transform-profile-default.jslib",
  "flavors" : [ ]
}
{
  "command" : "library-files",
  "release" : false,
  "rootPath" : "@",
  "outputFilePath" : "@/buck-out/gen/js/fruit#_files_,transform-profile-default.jslib",
  "sourceFilePaths" : [
    "@/buck-out/gen/js/fruit#file-apple.js-<HASH>,transform-profile-default.jsfile",
    "@/buck-out/gen/js/fruit#file-banana.js-<HASH>,transform-profile-default.jsfile",
    "@/buck-out/gen/js/fruit#file-pear.js-<HASH>,transform-profile-default.jsfile"
  ],
  "flavors" : [ ]
}
{
  "command" : "transform",
  "outputFilePath" : "@/buck-out/gen/js/fruit#file-apple.js-<HASH>,transform-profile-default.jsfile",
  "sourceJsFilePath" : "@/js/apple.js",
  "sourceJsFileName" : "js/apple.js",
  "additionalSources" : [ ],
  "transformProfile" : "default",
  "release" : false,
  "flavors" : [ ]
}
var apple;
{
  "command" : "transform",
  "outputFilePath" : "@/buck-out/gen/js/fruit#file-banana.js-<HASH>,transform-profile-default.jsfile",
  "sourceJsFilePath" : "@/js/banana.js",
  "sourceJsFileName" : "js/banana.js",
  "additionalSources" : [ ],
  "transformProfile" : "default",
  "release" : false,
  "flavors" : [ ]
}
var banana;
{
  "command" : "transform",
  "outputFilePath" : "@/buck-out/gen/js/fruit#file-pear.js-<HASH>,transform-profile-default.jsfile",
  "sourceJsFilePath" : "@/js/pear.js",
  "sourceJsFileName" : "js/pear.js",
  "additionalSources" : [ ],
  "transformProfile" : "default",
  "release" : false,
  "flavors" : [ ]
}
var pear;
{
  "command" : "library-files",
  "release" : false,
  "rootPath" : "@",
  "outputFilePath" : "@/buck-out/gen/js/fruit-salad#_files_,transform-profile-default.jslib",
  "sourceFilePaths" : [
    "@/buck-out/gen/js/fruit-salad#file-fruit-salad.js-<HASH>,transform-profile-default.jsfile"
  ],
  "flavors" : [ ]
}
{
  "command" : "transform",
  "outputFilePath" : "@/buck-out/gen/js/fruit-salad#file-fruit-salad.js-<HASH>,transform-profile-default.jsfile",
  "sourceJsFilePath" : "@/js/fruit-salad.js",
  "sourceJsFileName" : "js/fruit-salad.js",
  "additionalSources" : [ ],
  "transformProfile" : "default",
  "release" : false,
  "flavors" : [ ]
}
var fruitSalad;