{
  "command" : "library-dependencies",
  "release" : false,
  "rootPath" : "@",
  "outputPath" : "@/buck-out/gen/js/build-target-output#transform-profile-default.jslib",
  "dependencyLibraryFilePaths" : [ ],
  "aggregatedSourceFilesFilePath" : "@/buck-out/gen/js/build-target-output#_files_,transform-profile-default.jslib",
  "flavors" : [ ]
}
{
  "command" : "library-files",
  "release" : false,
  "rootPath" : "@",
  "outputFilePath" : "@/buck-out/gen/js/build-target-output#_files_,transform-profile-default.jslib",
  "sourceFilePaths" : [
    "@/buck-out/gen/js/build-target-output#file-exported.js-<HASH>,transform-profile-default.jsfile"
  ],
  "flavors" : [ ]
}
{
  "command" : "transform",
  "outputFilePath" : "@/buck-out/gen/js/build-target-output#file-exported.js-<HASH>,transform-profile-default.jsfile",
  "sourceJsFilePath" : "@/buck-out/gen/external/exported.js/exported.js",
  "sourceJsFileName" : "buck-out/gen/external/exported.js/exported.js",
  "transformProfile" : "default",
  "release" : false,
  "flavors" : [ ]
}
var exported;