{
  "command" : "library-dependencies",
  "release" : true,
  "rootPath" : "@",
  "platform" : "ios",
  "outputPath" : "@/buck-out/gen/js/fruit#ios,release,transform-profile-default.jslib",
  "dependencyLibraryFilePaths" : [ ],
  "aggregatedSourceFilesFilePath" : "@/buck-out/gen/js/fruit#_files_,ios,release,transform-profile-default.jslib",
  "flavors" : [
    "ios",
    "release"
  ]
}
{
  "command" : "library-files",
  "release" : true,
  "rootPath" : "@",
  "platform" : "ios",
  "outputFilePath" : "@/buck-out/gen/js/fruit#_files_,ios,release,transform-profile-default.jslib",
  "sourceFilePaths" : [
    "@/buck-out/gen/js/fruit#_files_,file-apple.js-<HASH>,ios,release,transform-profile-default.jsfile",
    "@/buck-out/gen/js/fruit#_files_,file-banana.js-<HASH>,ios,release,transform-profile-default.jsfile",
    "@/buck-out/gen/js/fruit#_files_,file-pear.js-<HASH>,ios,release,transform-profile-default.jsfile"
  ],
  "flavors" : [
    "ios",
    "release"
  ]
}
{
  "command" : "optimize",
  "outputFilePath" : "@/buck-out/gen/js/fruit#_files_,file-apple.js-<HASH>,ios,release,transform-profile-default.jsfile",
  "transformedJsFilePath" : "@/buck-out/gen/js/fruit#file-apple.js-<HASH>,transform-profile-default.jsfile",
  "transformProfile" : "default",
  "flavors" : [
    "ios",
    "release"
  ]
}
{
  "command" : "transform",
  "outputFilePath" : "@/buck-out/gen/js/fruit#file-apple.js-<HASH>,transform-profile-default.jsfile",
  "sourceJsFilePath" : "@/js/apple.js",
  "sourceJsFileName" : "js/apple.js",
  "transformProfile" : "default",
  "flavors" : [ ]
}
var apple;
{
  "command" : "optimize",
  "outputFilePath" : "@/buck-out/gen/js/fruit#_files_,file-banana.js-<HASH>,ios,release,transform-profile-default.jsfile",
  "transformedJsFilePath" : "@/buck-out/gen/js/fruit#file-banana.js-<HASH>,transform-profile-default.jsfile",
  "transformProfile" : "default",
  "flavors" : [
    "ios",
    "release"
  ]
}
{
  "command" : "transform",
  "outputFilePath" : "@/buck-out/gen/js/fruit#file-banana.js-<HASH>,transform-profile-default.jsfile",
  "sourceJsFilePath" : "@/js/banana.js",
  "sourceJsFileName" : "js/banana.js",
  "transformProfile" : "default",
  "flavors" : [ ]
}
var banana;
{
  "command" : "optimize",
  "outputFilePath" : "@/buck-out/gen/js/fruit#_files_,file-pear.js-<HASH>,ios,release,transform-profile-default.jsfile",
  "transformedJsFilePath" : "@/buck-out/gen/js/fruit#file-pear.js-<HASH>,transform-profile-default.jsfile",
  "transformProfile" : "default",
  "flavors" : [
    "ios",
    "release"
  ]
}
{
  "command" : "transform",
  "outputFilePath" : "@/buck-out/gen/js/fruit#file-pear.js-<HASH>,transform-profile-default.jsfile",
  "sourceJsFilePath" : "@/js/pear.js",
  "sourceJsFileName" : "js/pear.js",
  "transformProfile" : "default",
  "flavors" : [ ]
}
var pear;