{
  "assetsDirPath" : "@/buck-out/gen/js/bundle_with_extra_json/res",
  "bundlePath" : "@/buck-out/gen/js/bundle_with_extra_json/js/bundle_with_extra_json.js",
  "command" : "bundle",
  "entryPoints" : [
    "pear"
  ],
  "libraries" : [
    "@/buck-out/gen/js/fruit#transform-profile-default.jslib"
  ],
  "release" : false,
  "rootPath" : "@",
  "sourceMapPath" : "@/buck-out/gen/js/bundle_with_extra_json/map/bundle_with_extra_json.js.map",
  "miscDirPath" : "@/buck-out/gen/js/bundle_with_extra_json/misc",
  "extraData" : {
    "a" : [
      1,
      2,
      3
    ],
    "b" : true,
    "s" : "hello @/js/empty!"
  },
  "flavors" : [ ]
}
{
  "command" : "library-dependencies",
  "release" : false,
  "rootPath" : "@",
  "outputPath" : "@/buck-out/gen/js/fruit#transform-profile-default.jslib",
  "dependencyLibraryFilePaths" : [ ],
  "aggregatedSourceFilesFilePath" : "@/buck-out/gen/js/fruit#_files_,transform-profile-default.jslib",
  "flavors" : [ ]
}
{
  "command" : "library-files",
  "release" : false,
  "rootPath" : "@",
  "outputFilePath" : "@/buck-out/gen/js/fruit#_files_,transform-profile-default.jslib",
  "sourceFilePaths" : [
    "@/buck-out/gen/js/fruit#file-apple.js-<HASH>,transform-profile-default.jsfile",
    "@/buck-out/gen/js/fruit#file-banana.js-<HASH>,transform-profile-default.jsfile",
    "@/buck-out/gen/js/fruit#file-pear.js-<HASH>,transform-profile-default.jsfile"
  ],
  "flavors" : [ ]
}
{
  "command" : "transform",
  "outputFilePath" : "@/buck-out/gen/js/fruit#file-apple.js-<HASH>,transform-profile-default.jsfile",
  "sourceJsFilePath" : "@/js/apple.js",
  "sourceJsFileName" : "js/apple.js",
  "additionalSources" : [ ],
  "transformProfile" : "default",
  "release" : false,
  "flavors" : [ ]
}
var apple;
{
  "command" : "transform",
  "outputFilePath" : "@/buck-out/gen/js/fruit#file-banana.js-<HASH>,transform-profile-default.jsfile",
  "sourceJsFilePath" : "@/js/banana.js",
  "sourceJsFileName" : "js/banana.js",
  "additionalSources" : [ ],
  "transformProfile" : "default",
  "release" : false,
  "flavors" : [ ]
}
var banana;
{
  "command" : "transform",
  "outputFilePath" : "@/buck-out/gen/js/fruit#file-pear.js-<HASH>,transform-profile-default.jsfile",
  "sourceJsFilePath" : "@/js/pear.js",
  "sourceJsFileName" : "js/pear.js",
  "additionalSources" : [ ],
  "transformProfile" : "default",
  "release" : false,
  "flavors" : [ ]
}
var pear;