{
  "assetsDirPath" : "@/buck-out/gen/js/fruit-salad-in-a-bundle#_js_,android,release/res",
  "bundlePath" : "@/buck-out/gen/js/fruit-salad-in-a-bundle#_js_,android,release/js/fruit-salad-in-a-bundle.js",
  "command" : "bundle",
  "entryPoints" : [
    "fruit-salad"
  ],
  "libraries" : [
    "@/buck-out/gen/js/extras#android,release,transform-profile-default.jslib",
    "@/buck-out/gen/js/fruit#android,release,transform-profile-default.jslib",
    "@/buck-out/gen/js/fruit-salad#android,release,transform-profile-default.jslib"
  ],
  "platform" : "android",
  "release" : true,
  "rootPath" : "@",
  "sourceMapPath" : "@/buck-out/gen/js/fruit-salad-in-a-bundle#_js_,android,release/map/fruit-salad-in-a-bundle.js.map",
  "miscDirPath" : "@/buck-out/gen/js/fruit-salad-in-a-bundle#_js_,android,release/misc",
  "extraData" : {
    "a" : [
      1,
      2,
      3
    ],
    "b" : true,
    "s" : "hello @/js/empty!"
  },
  "flavors" : [
    "android",
    "release"
  ]
}
{
  "command" : "library-dependencies",
  "release" : true,
  "rootPath" : "@",
  "platform" : "android",
  "outputPath" : "@/buck-out/gen/js/extras#android,release,transform-profile-default.jslib",
  "dependencyLibraryFilePaths" : [ ],
  "aggregatedSourceFilesFilePath" : "@/buck-out/gen/js/extras#_files_,android,release,transform-profile-default.jslib",
  "flavors" : [
    "android",
    "release"
  ]
}
{
  "command" : "library-files",
  "release" : true,
  "rootPath" : "@",
  "platform" : "android",
  "outputFilePath" : "@/buck-out/gen/js/extras#_files_,android,release,transform-profile-default.jslib",
  "sourceFilePaths" : [
    "@/buck-out/gen/js/extras#_files_,android,file-choclate-chips.js-<HASH>,release,transform-profile-default.jsfile",
    "@/buck-out/gen/js/extras#_files_,android,file-yoghurt.js-<HASH>,release,transform-profile-default.jsfile"
  ],
  "flavors" : [
    "android",
    "release"
  ]
}
{
  "command" : "transform",
  "outputFilePath" : "@/buck-out/gen/js/extras#_files_,android,file-choclate-chips.js-<HASH>,release,transform-profile-default.jsfile",
  "sourceJsFilePath" : "@/js/extras/choclate-chips.js",
  "sourceJsFileName" : "js/extras/choclate-chips.js",
  "transformProfile" : "default",
  "release" : true,
  "extraData" : {
    "arbitrary" : "extra",
    "json" : 1
  },
  "flavors" : [
    "android",
    "release"
  ]
}
var choclateChips;
{
  "command" : "transform",
  "outputFilePath" : "@/buck-out/gen/js/extras#_files_,android,file-yoghurt.js-<HASH>,release,transform-profile-default.jsfile",
  "sourceJsFilePath" : "@/js/extras/yoghurt.js",
  "sourceJsFileName" : "js/extras/yoghurt.js",
  "transformProfile" : "default",
  "release" : true,
  "extraData" : {
    "arbitrary" : "extra",
    "json" : 1
  },
  "flavors" : [
    "android",
    "release"
  ]
}
var yoghurt;
{
  "command" : "library-dependencies",
  "release" : true,
  "rootPath" : "@",
  "platform" : "android",
  "outputPath" : "@/buck-out/gen/js/fruit#android,release,transform-profile-default.jslib",
  "dependencyLibraryFilePaths" : [ ],
  "aggregatedSourceFilesFilePath" : "@/buck-out/gen/js/fruit#_files_,android,release,transform-profile-default.jslib",
  "flavors" : [
    "android",
    "release"
  ]
}
{
  "command" : "library-files",
  "release" : true,
  "rootPath" : "@",
  "platform" : "android",
  "outputFilePath" : "@/buck-out/gen/js/fruit#_files_,android,release,transform-profile-default.jslib",
  "sourceFilePaths" : [
    "@/buck-out/gen/js/fruit#_files_,android,file-apple.js-<HASH>,release,transform-profile-default.jsfile",
    "@/buck-out/gen/js/fruit#_files_,android,file-banana.js-<HASH>,release,transform-profile-default.jsfile",
    "@/buck-out/gen/js/fruit#_files_,android,file-pear.js-<HASH>,release,transform-profile-default.jsfile"
  ],
  "flavors" : [
    "android",
    "release"
  ]
}
{
  "command" : "transform",
  "outputFilePath" : "@/buck-out/gen/js/fruit#_files_,android,file-apple.js-<HASH>,release,transform-profile-default.jsfile",
  "sourceJsFilePath" : "@/js/apple.js",
  "sourceJsFileName" : "js/apple.js",
  "transformProfile" : "default",
  "release" : true,
  "flavors" : [
    "android",
    "release"
  ]
}
var apple;
{
  "command" : "transform",
  "outputFilePath" : "@/buck-out/gen/js/fruit#_files_,android,file-banana.js-<HASH>,release,transform-profile-default.jsfile",
  "sourceJsFilePath" : "@/js/banana.js",
  "sourceJsFileName" : "js/banana.js",
  "transformProfile" : "default",
  "release" : true,
  "flavors" : [
    "android",
    "release"
  ]
}
var banana;
{
  "command" : "transform",
  "outputFilePath" : "@/buck-out/gen/js/fruit#_files_,android,file-pear.js-<HASH>,release,transform-profile-default.jsfile",
  "sourceJsFilePath" : "@/js/pear.js",
  "sourceJsFileName" : "js/pear.js",
  "transformProfile" : "default",
  "release" : true,
  "flavors" : [
    "android",
    "release"
  ]
}
var pear;
{
  "command" : "library-dependencies",
  "release" : true,
  "rootPath" : "@",
  "platform" : "android",
  "outputPath" : "@/buck-out/gen/js/fruit-salad#android,release,transform-profile-default.jslib",
  "dependencyLibraryFilePaths" : [
    "@/buck-out/gen/js/extras#android,release,transform-profile-default.jslib",
    "@/buck-out/gen/js/fruit#android,release,transform-profile-default.jslib"
  ],
  "aggregatedSourceFilesFilePath" : "@/buck-out/gen/js/fruit-salad#_files_,android,release,transform-profile-default.jslib",
  "flavors" : [
    "android",
    "release"
  ]
}
{
  "command" : "library-dependencies",
  "release" : true,
  "rootPath" : "@",
  "platform" : "android",
  "outputPath" : "@/buck-out/gen/js/extras#android,release,transform-profile-default.jslib",
  "dependencyLibraryFilePaths" : [ ],
  "aggregatedSourceFilesFilePath" : "@/buck-out/gen/js/extras#_files_,android,release,transform-profile-default.jslib",
  "flavors" : [
    "android",
    "release"
  ]
}
{
  "command" : "library-files",
  "release" : true,
  "rootPath" : "@",
  "platform" : "android",
  "outputFilePath" : "@/buck-out/gen/js/extras#_files_,android,release,transform-profile-default.jslib",
  "sourceFilePaths" : [
    "@/buck-out/gen/js/extras#_files_,android,file-choclate-chips.js-<HASH>,release,transform-profile-default.jsfile",
    "@/buck-out/gen/js/extras#_files_,android,file-yoghurt.js-<HASH>,release,transform-profile-default.jsfile"
  ],
  "flavors" : [
    "android",
    "release"
  ]
}
{
  "command" : "transform",
  "outputFilePath" : "@/buck-out/gen/js/extras#_files_,android,file-choclate-chips.js-<HASH>,release,transform-profile-default.jsfile",
  "sourceJsFilePath" : "@/js/extras/choclate-chips.js",
  "sourceJsFileName" : "js/extras/choclate-chips.js",
  "transformProfile" : "default",
  "release" : true,
  "extraData" : {
    "arbitrary" : "extra",
    "json" : 1
  },
  "flavors" : [
    "android",
    "release"
  ]
}
var choclateChips;
{
  "command" : "transform",
  "outputFilePath" : "@/buck-out/gen/js/extras#_files_,android,file-yoghurt.js-<HASH>,release,transform-profile-default.jsfile",
  "sourceJsFilePath" : "@/js/extras/yoghurt.js",
  "sourceJsFileName" : "js/extras/yoghurt.js",
  "transformProfile" : "default",
  "release" : true,
  "extraData" : {
    "arbitrary" : "extra",
    "json" : 1
  },
  "flavors" : [
    "android",
    "release"
  ]
}
var yoghurt;
{
  "command" : "library-dependencies",
  "release" : true,
  "rootPath" : "@",
  "platform" : "android",
  "outputPath" : "@/buck-out/gen/js/fruit#android,release,transform-profile-default.jslib",
  "dependencyLibraryFilePaths" : [ ],
  "aggregatedSourceFilesFilePath" : "@/buck-out/gen/js/fruit#_files_,android,release,transform-profile-default.jslib",
  "flavors" : [
    "android",
    "release"
  ]
}
{
  "command" : "library-files",
  "release" : true,
  "rootPath" : "@",
  "platform" : "android",
  "outputFilePath" : "@/buck-out/gen/js/fruit#_files_,android,release,transform-profile-default.jslib",
  "sourceFilePaths" : [
    "@/buck-out/gen/js/fruit#_files_,android,file-apple.js-<HASH>,release,transform-profile-default.jsfile",
    "@/buck-out/gen/js/fruit#_files_,android,file-banana.js-<HASH>,release,transform-profile-default.jsfile",
    "@/buck-out/gen/js/fruit#_files_,android,file-pear.js-<HASH>,release,transform-profile-default.jsfile"
  ],
  "flavors" : [
    "android",
    "release"
  ]
}
{
  "command" : "transform",
  "outputFilePath" : "@/buck-out/gen/js/fruit#_files_,android,file-apple.js-<HASH>,release,transform-profile-default.jsfile",
  "sourceJsFilePath" : "@/js/apple.js",
  "sourceJsFileName" : "js/apple.js",
  "transformProfile" : "default",
  "release" : true,
  "flavors" : [
    "android",
    "release"
  ]
}
var apple;
{
  "command" : "transform",
  "outputFilePath" : "@/buck-out/gen/js/fruit#_files_,android,file-banana.js-<HASH>,release,transform-profile-default.jsfile",
  "sourceJsFilePath" : "@/js/banana.js",
  "sourceJsFileName" : "js/banana.js",
  "transformProfile" : "default",
  "release" : true,
  "flavors" : [
    "android",
    "release"
  ]
}
var banana;
{
  "command" : "transform",
  "outputFilePath" : "@/buck-out/gen/js/fruit#_files_,android,file-pear.js-<HASH>,release,transform-profile-default.jsfile",
  "sourceJsFilePath" : "@/js/pear.js",
  "sourceJsFileName" : "js/pear.js",
  "transformProfile" : "default",
  "release" : true,
  "flavors" : [
    "android",
    "release"
  ]
}
var pear;
{
  "command" : "library-files",
  "release" : true,
  "rootPath" : "@",
  "platform" : "android",
  "outputFilePath" : "@/buck-out/gen/js/fruit-salad#_files_,android,release,transform-profile-default.jslib",
  "sourceFilePaths" : [
    "@/buck-out/gen/js/fruit-salad#_files_,android,file-fruit-salad.js-<HASH>,release,transform-profile-default.jsfile"
  ],
  "flavors" : [
    "android",
    "release"
  ]
}
{
  "command" : "transform",
  "outputFilePath" : "@/buck-out/gen/js/fruit-salad#_files_,android,file-fruit-salad.js-<HASH>,release,transform-profile-default.jsfile",
  "sourceJsFilePath" : "@/js/fruit-salad.js",
  "sourceJsFileName" : "js/fruit-salad.js",
  "transformProfile" : "default",
  "release" : true,
  "flavors" : [
    "android",
    "release"
  ]
}
var fruitSalad;